com.poseidon.app.http.controller.RuleNameControllerTest.add=[
-
> GET /ruleName/add
< HTTP 200
< Content-Language: en
< Content-Type: text/html;charset=UTF-8
< X-Content-Type-Options: nosniff
< X-XSS-Protection: 1; mode=block
< Cache-Control: no-cache, no-store, max-age=0, must-revalidate
< Pragma: no-cache
< Expires: 0
< X-Frame-Options: DENY
"<!DOCTYPE html>"
"<html xmlns=\"http://www.w3.org/1999/xhtml\">"
"<head>"
"  <meta charset=\"utf-8\"/>"
"  <title>Home</title>"
"  <link rel=\"stylesheet\" href=\"../../css/bootstrap.min.css\">"
"</head>"
"<body>"
"<div class=\"container\">"
""
"  <div class=\"row\">"
"    <h2>Add New Rule</h2>"
"  </div>"
""
"  <div class=\"row\">"
"    <form action=\"/ruleName/validate\" method=\"post\" class=\"form-horizontal\" style=\"width: 100%\"><input type=\"hidden\" name=\"_csrf\" value=\"12345678-903d-4d4e-8890-3e46ad33ce00\"/>"
"      <div class=\"form-group\">"
"        <label for=\"name\" class=\"col-sm-2 control-label\">Name</label>"
"        <div class=\"col-sm-10\">"
"          <input type=\"text\" id=\"name\" placeholder=\"Name\" class=\"col-4\" name=\"name\" value=\"\">"
"          "
"        </div>"
"      </div>"
"      <div class=\"form-group\">"
"        <label for=\"description\" class=\"col-sm-2 control-label\">Description</label>"
"        <div class=\"col-sm-10\">"
"          <input type=\"text\" id=\"description\" placeholder=\"Description\" class=\"col-4\" name=\"description\" value=\"\">"
"          "
"        </div>"
"      </div>"
"      <div class=\"form-group\">"
"        <label for=\"json\" class=\"col-sm-2 control-label\">json</label>"
"        <div class=\"col-sm-10\">"
"          <input type=\"text\" id=\"json\" placeholder=\"json\" class=\"col-4\" name=\"json\" value=\"\">"
"          "
"        </div>"
"      </div>"
"      <div class=\"form-group\">"
"        <label for=\"template\" class=\"col-sm-2 control-label\">template</label>"
"        <div class=\"col-sm-10\">"
"          <input type=\"text\" id=\"template\" placeholder=\"template\" class=\"col-4\" name=\"template\" value=\"\">"
"          "
"        </div>"
"      </div>"
"      <div class=\"form-group\">"
"        <label for=\"sqlStr\" class=\"col-sm-2 control-label\">sql</label>"
"        <div class=\"col-sm-10\">"
"          <input type=\"text\" id=\"sqlStr\" placeholder=\"sql\" class=\"col-4\" name=\"sqlStr\" value=\"\">"
"          "
"        </div>"
"      </div>"
"      <div class=\"form-group\">"
"        <label for=\"sqlPart\" class=\"col-sm-2 control-label\">sqlPart</label>"
"        <div class=\"col-sm-10\">"
"          <input type=\"text\" id=\"sqlPart\" placeholder=\"sqlPart\" class=\"col-4\" name=\"sqlPart\" value=\"\">"
"          "
"        </div>"
"      </div>"
"      "
"      "
"      <div class=\"form-group\">"
"        <div class=\"col-sm-12\">"
"          <a class=\"btn btn-danger btn-sm\" href=\"/ruleName/list\">Cancel</a>"
"          <input class=\"btn btn-primary btn-sm\" type=\"submit\" value=\"Add rule\">"
"        </div>"
"      </div>"
""
"    </form>"
"  </div>"
""
"</div>"
"</body>"
"</html>"
]


com.poseidon.app.http.controller.RuleNameControllerTest.delete=[
-
> GET /ruleName/delete/1
< HTTP 200
< Content-Language: en
< Content-Type: text/html;charset=UTF-8
< X-Content-Type-Options: nosniff
< X-XSS-Protection: 1; mode=block
< Cache-Control: no-cache, no-store, max-age=0, must-revalidate
< Pragma: no-cache
< Expires: 0
< X-Frame-Options: DENY
"<!DOCTYPE html>"
"<html xmlns=\"http://www.w3.org/1999/xhtml\">"
"<head>"
"  <title>Spring Boot</title>"
"</head>"
"<body>"
"<h3>Not Found Exception</h3>"
"<div>"
"  Logged in user: <b class=\"user\"> test-username </b>"
"  <form action=\"/app-logout\" method=\"POST\"><input type=\"hidden\" name=\"_csrf\" value=\"12345678-903d-4d4e-8890-3e46ad33ce00\"/>"
"    <input type=\"submit\" value=\"Logout\"/>"
"  </form>"
"</div>"
"<p class=\"error\">Entity not found.</p>"
"</body>"
"</html>"
-
> GET /ruleName/delete/583352
< HTTP 302
< Content-Language: en
< X-Content-Type-Options: nosniff
< X-XSS-Protection: 1; mode=block
< Cache-Control: no-cache, no-store, max-age=0, must-revalidate
< Pragma: no-cache
< Expires: 0
< X-Frame-Options: DENY
< Location: /ruleName/list
""
]


com.poseidon.app.http.controller.RuleNameControllerTest.list=[
-
> GET /ruleName/list
< HTTP 200
< Content-Language: en
< Content-Type: text/html;charset=UTF-8
< X-Content-Type-Options: nosniff
< X-XSS-Protection: 1; mode=block
< Cache-Control: no-cache, no-store, max-age=0, must-revalidate
< Pragma: no-cache
< Expires: 0
< X-Frame-Options: DENY
"<!DOCTYPE html>"
"<html xmlns=\"http://www.w3.org/1999/xhtml\">"
"<head>"
"  <meta charset=\"utf-8\"/>"
"  <title>Home</title>"
"  <link rel=\"stylesheet\" href=\"../../css/bootstrap.min.css\">"
"</head>"
"<body>"
"<div class=\"container\">"
"  <div class=\"row\">"
"    <div class=\"col-6\">"
"      <a href=\"/bidList/list\">Bid List</a>&nbsp;|&nbsp;"
"      <a href=\"/curvePoint/list\">Curve Points</a>&nbsp;|&nbsp;"
"      <a href=\"/rating/list\">Ratings</a>&nbsp;|&nbsp;"
"      <a href=\"/trade/list\">Trade</a>&nbsp;|&nbsp;"
"      <a href=\"/ruleName/list\">Rule</a>"
"    </div>"
"    <div class=\"col-6 text-right\">"
"      Logged in user: <b class=\"user\"> test-username </b>"
"      <form action=\"/app-logout\" method=\"POST\"><input type=\"hidden\" name=\"_csrf\" value=\"12345678-903d-4d4e-8890-3e46ad33ce00\"/>"
"        <input type=\"submit\" value=\"Logout\"/>"
"      </form>"
"    </div>"
"  </div>"
"  <div class=\"row\"><h2>Rule List</h2></div>"
"  <div class=\"row\">"
"    <a href=\"/ruleName/add\" class=\"btn btn-primary btn-sm\">Add New</a>"
"    <table class=\"table table-bordered\">"
"      <thead>"
"      <tr>"
"        <th>Id</th>"
"        <th>Name</th>"
"        <th>Description</th>"
"        <th>json</th>"
"        <th>template</th>"
"        <th>sql</th>"
"        <th>sqlPart</th>"
"        <th>Action</th>"
"      </tr>"
"      </thead>"
"      <tbody>"
"      <tr>"
"        <td>1</td>"
"        <td>name</td>"
"        <td>description</td>"
"        <td>json</td>"
"        <td>template</td>"
"        <td>sqlStr</td>"
"        <td>sqlPart</td>"
"        <td style=\"width: 15%\" class=\"text-center\">"
"          <a href=\"/ruleName/update/1\">Edit</a>&nbsp;|&nbsp;"
"          <a href=\"/ruleName/delete/1\">Delete</a>"
"        </td>"
"      </tr>"
"      <tr>"
"        <td>583352</td>"
"        <td>fQQMUyhdfB</td>"
"        <td>8uNlqQUCE6</td>"
"        <td>TKNmqCNgmc</td>"
"        <td>d4uLWSNQ93</td>"
"        <td>wLmFRdlkBJ</td>"
"        <td>WbKnU8R4Mq</td>"
"        <td style=\"width: 15%\" class=\"text-center\">"
"          <a href=\"/ruleName/update/583352\">Edit</a>&nbsp;|&nbsp;"
"          <a href=\"/ruleName/delete/583352\">Delete</a>"
"        </td>"
"      </tr>"
"      </tbody>"
"    </table>"
"  </div>"
"</div>"
"</body>"
"</html>"
]


com.poseidon.app.http.controller.RuleNameControllerTest.showUpdate=[
-
> GET /ruleName/update/1
< HTTP 200
< Content-Language: en
< Content-Type: text/html;charset=UTF-8
< X-Content-Type-Options: nosniff
< X-XSS-Protection: 1; mode=block
< Cache-Control: no-cache, no-store, max-age=0, must-revalidate
< Pragma: no-cache
< Expires: 0
< X-Frame-Options: DENY
"<!DOCTYPE html>"
"<html xmlns=\"http://www.w3.org/1999/xhtml\">"
"<head>"
"  <title>Spring Boot</title>"
"</head>"
"<body>"
"<h3>Not Found Exception</h3>"
"<div>"
"  Logged in user: <b class=\"user\"> test-username </b>"
"  <form action=\"/app-logout\" method=\"POST\"><input type=\"hidden\" name=\"_csrf\" value=\"12345678-903d-4d4e-8890-3e46ad33ce00\"/>"
"    <input type=\"submit\" value=\"Logout\"/>"
"  </form>"
"</div>"
"<p class=\"error\">Entity not found.</p>"
"</body>"
"</html>"
-
> GET /ruleName/update/583352
< HTTP 200
< Content-Language: en
< Content-Type: text/html;charset=UTF-8
< X-Content-Type-Options: nosniff
< X-XSS-Protection: 1; mode=block
< Cache-Control: no-cache, no-store, max-age=0, must-revalidate
< Pragma: no-cache
< Expires: 0
< X-Frame-Options: DENY
"<!DOCTYPE html>"
"<html xmlns=\"http://www.w3.org/1999/xhtml\">"
"<head>"
"  <meta charset=\"utf-8\"/>"
"  <title>Home</title>"
"  <link rel=\"stylesheet\" href=\"../../css/bootstrap.min.css\">"
"</head>"
"<body>"
"<div class=\"container\">"
""
"  <div class=\"row\">"
"    <h2>Update New Rule</h2>"
"  </div>"
""
"  <div class=\"row\">"
"    <form action=\"/ruleName/update/583352\" method=\"post\" class=\"form-horizontal\" style=\"width: 100%\"><input type=\"hidden\" name=\"_csrf\" value=\"12345678-903d-4d4e-8890-3e46ad33ce00\"/>"
"      <div class=\"form-group\">"
"        <label for=\"name\" class=\"col-sm-2 control-label\">Name</label>"
"        <div class=\"col-sm-10\">"
"          <input type=\"text\" id=\"name\" placeholder=\"Name\" class=\"col-4\" name=\"name\" value=\"fQQMUyhdfB\">"
"          "
"        </div>"
"      </div>"
"      <div class=\"form-group\">"
"        <label for=\"description\" class=\"col-sm-2 control-label\">Description</label>"
"        <div class=\"col-sm-10\">"
"          <input type=\"text\" id=\"description\" placeholder=\"Description\" class=\"col-4\" name=\"description\" value=\"8uNlqQUCE6\">"
"          "
"        </div>"
"      </div>"
"      <div class=\"form-group\">"
"        <label for=\"json\" class=\"col-sm-2 control-label\">json</label>"
"        <div class=\"col-sm-10\">"
"          <input type=\"text\" id=\"json\" placeholder=\"json\" class=\"col-4\" name=\"json\" value=\"TKNmqCNgmc\">"
"          "
"        </div>"
"      </div>"
"      <div class=\"form-group\">"
"        <label for=\"template\" class=\"col-sm-2 control-label\">template</label>"
"        <div class=\"col-sm-10\">"
"          <input type=\"text\" id=\"template\" placeholder=\"template\" class=\"col-4\" name=\"template\" value=\"d4uLWSNQ93\">"
"          "
"        </div>"
"      </div>"
"      <div class=\"form-group\">"
"        <label for=\"sqlStr\" class=\"col-sm-2 control-label\">sql</label>"
"        <div class=\"col-sm-10\">"
"          <input type=\"text\" id=\"sqlStr\" placeholder=\"sql\" class=\"col-4\" name=\"sqlStr\" value=\"wLmFRdlkBJ\">"
"          "
"        </div>"
"      </div>"
"      <div class=\"form-group\">"
"        <label for=\"sqlPart\" class=\"col-sm-2 control-label\">sqlPart</label>"
"        <div class=\"col-sm-10\">"
"          <input type=\"text\" id=\"sqlPart\" placeholder=\"sqlPart\" class=\"col-4\" name=\"sqlPart\" value=\"WbKnU8R4Mq\">"
"          "
"        </div>"
"      </div>"
""
""
"      <div class=\"form-group\">"
"        <div class=\"col-sm-12\">"
"          <a class=\"btn btn-danger btn-sm\" href=\"/ruleName/list\">Cancel</a>"
"          <input class=\"btn btn-primary btn-sm\" type=\"submit\" value=\"Update rule\">"
"        </div>"
"      </div>"
""
"    </form>"
"  </div>"
""
"</div>"
"</body>"
"</html>"
]


com.poseidon.app.http.controller.RuleNameControllerTest.update=[
-
> POST /ruleName/update/1
< HTTP 200
< Content-Language: en
< Content-Type: text/html;charset=UTF-8
< X-Content-Type-Options: nosniff
< X-XSS-Protection: 1; mode=block
< Cache-Control: no-cache, no-store, max-age=0, must-revalidate
< Pragma: no-cache
< Expires: 0
< X-Frame-Options: DENY
"<!DOCTYPE html>"
"<html xmlns=\"http://www.w3.org/1999/xhtml\">"
"<head>"
"  <meta charset=\"utf-8\"/>"
"  <title>Home</title>"
"  <link rel=\"stylesheet\" href=\"../../css/bootstrap.min.css\">"
"</head>"
"<body>"
"<div class=\"container\">"
""
"  <div class=\"row\">"
"    <h2>Update New Rule</h2>"
"  </div>"
""
"  <div class=\"row\">"
"    <form action=\"/ruleName/update/1\" method=\"post\" class=\"form-horizontal\" style=\"width: 100%\"><input type=\"hidden\" name=\"_csrf\" value=\"12345678-903d-4d4e-8890-3e46ad33ce00\"/>"
"      <div class=\"form-group\">"
"        <label for=\"name\" class=\"col-sm-2 control-label\">Name</label>"
"        <div class=\"col-sm-10\">"
"          <input type=\"text\" id=\"name\" placeholder=\"Name\" class=\"col-4\" name=\"name\" value=\"\">"
"          <p class=\"text-danger\">Name is mandatory</p>"
"        </div>"
"      </div>"
"      <div class=\"form-group\">"
"        <label for=\"description\" class=\"col-sm-2 control-label\">Description</label>"
"        <div class=\"col-sm-10\">"
"          <input type=\"text\" id=\"description\" placeholder=\"Description\" class=\"col-4\" name=\"description\" value=\"\">"
"          <p class=\"text-danger\">Description is mandatory</p>"
"        </div>"
"      </div>"
"      <div class=\"form-group\">"
"        <label for=\"json\" class=\"col-sm-2 control-label\">json</label>"
"        <div class=\"col-sm-10\">"
"          <input type=\"text\" id=\"json\" placeholder=\"json\" class=\"col-4\" name=\"json\" value=\"\">"
"          <p class=\"text-danger\">json is mandatory</p>"
"        </div>"
"      </div>"
"      <div class=\"form-group\">"
"        <label for=\"template\" class=\"col-sm-2 control-label\">template</label>"
"        <div class=\"col-sm-10\">"
"          <input type=\"text\" id=\"template\" placeholder=\"template\" class=\"col-4\" name=\"template\" value=\"\">"
"          <p class=\"text-danger\">template is mandatory</p>"
"        </div>"
"      </div>"
"      <div class=\"form-group\">"
"        <label for=\"sqlStr\" class=\"col-sm-2 control-label\">sql</label>"
"        <div class=\"col-sm-10\">"
"          <input type=\"text\" id=\"sqlStr\" placeholder=\"sql\" class=\"col-4\" name=\"sqlStr\" value=\"\">"
"          <p class=\"text-danger\">sql is mandatory</p>"
"        </div>"
"      </div>"
"      <div class=\"form-group\">"
"        <label for=\"sqlPart\" class=\"col-sm-2 control-label\">sqlPart</label>"
"        <div class=\"col-sm-10\">"
"          <input type=\"text\" id=\"sqlPart\" placeholder=\"sqlPart\" class=\"col-4\" name=\"sqlPart\" value=\"\">"
"          <p class=\"text-danger\">sqlPart is mandatory</p>"
"        </div>"
"      </div>"
""
""
"      <div class=\"form-group\">"
"        <div class=\"col-sm-12\">"
"          <a class=\"btn btn-danger btn-sm\" href=\"/ruleName/list\">Cancel</a>"
"          <input class=\"btn btn-primary btn-sm\" type=\"submit\" value=\"Update rule\">"
"        </div>"
"      </div>"
""
"    </form>"
"  </div>"
""
"</div>"
"</body>"
"</html>"
-
> POST /ruleName/update/1
< HTTP 302
< Content-Language: en
< X-Content-Type-Options: nosniff
< X-XSS-Protection: 1; mode=block
< Cache-Control: no-cache, no-store, max-age=0, must-revalidate
< Pragma: no-cache
< Expires: 0
< X-Frame-Options: DENY
< Location: /ruleName/list
""
]


com.poseidon.app.http.controller.RuleNameControllerTest.validate=[
-
> POST /ruleName/validate
< HTTP 200
< Content-Language: en
< Content-Type: text/html;charset=UTF-8
< X-Content-Type-Options: nosniff
< X-XSS-Protection: 1; mode=block
< Cache-Control: no-cache, no-store, max-age=0, must-revalidate
< Pragma: no-cache
< Expires: 0
< X-Frame-Options: DENY
"<!DOCTYPE html>"
"<html xmlns=\"http://www.w3.org/1999/xhtml\">"
"<head>"
"  <meta charset=\"utf-8\"/>"
"  <title>Home</title>"
"  <link rel=\"stylesheet\" href=\"../../css/bootstrap.min.css\">"
"</head>"
"<body>"
"<div class=\"container\">"
""
"  <div class=\"row\">"
"    <h2>Add New Rule</h2>"
"  </div>"
""
"  <div class=\"row\">"
"    <form action=\"/ruleName/validate\" method=\"post\" class=\"form-horizontal\" style=\"width: 100%\"><input type=\"hidden\" name=\"_csrf\" value=\"12345678-903d-4d4e-8890-3e46ad33ce00\"/>"
"      <div class=\"form-group\">"
"        <label for=\"name\" class=\"col-sm-2 control-label\">Name</label>"
"        <div class=\"col-sm-10\">"
"          <input type=\"text\" id=\"name\" placeholder=\"Name\" class=\"col-4\" name=\"name\" value=\"\">"
"          <p class=\"text-danger\">Name is mandatory</p>"
"        </div>"
"      </div>"
"      <div class=\"form-group\">"
"        <label for=\"description\" class=\"col-sm-2 control-label\">Description</label>"
"        <div class=\"col-sm-10\">"
"          <input type=\"text\" id=\"description\" placeholder=\"Description\" class=\"col-4\" name=\"description\" value=\"\">"
"          <p class=\"text-danger\">Description is mandatory</p>"
"        </div>"
"      </div>"
"      <div class=\"form-group\">"
"        <label for=\"json\" class=\"col-sm-2 control-label\">json</label>"
"        <div class=\"col-sm-10\">"
"          <input type=\"text\" id=\"json\" placeholder=\"json\" class=\"col-4\" name=\"json\" value=\"\">"
"          <p class=\"text-danger\">json is mandatory</p>"
"        </div>"
"      </div>"
"      <div class=\"form-group\">"
"        <label for=\"template\" class=\"col-sm-2 control-label\">template</label>"
"        <div class=\"col-sm-10\">"
"          <input type=\"text\" id=\"template\" placeholder=\"template\" class=\"col-4\" name=\"template\" value=\"\">"
"          <p class=\"text-danger\">template is mandatory</p>"
"        </div>"
"      </div>"
"      <div class=\"form-group\">"
"        <label for=\"sqlStr\" class=\"col-sm-2 control-label\">sql</label>"
"        <div class=\"col-sm-10\">"
"          <input type=\"text\" id=\"sqlStr\" placeholder=\"sql\" class=\"col-4\" name=\"sqlStr\" value=\"\">"
"          <p class=\"text-danger\">sql is mandatory</p>"
"        </div>"
"      </div>"
"      <div class=\"form-group\">"
"        <label for=\"sqlPart\" class=\"col-sm-2 control-label\">sqlPart</label>"
"        <div class=\"col-sm-10\">"
"          <input type=\"text\" id=\"sqlPart\" placeholder=\"sqlPart\" class=\"col-4\" name=\"sqlPart\" value=\"\">"
"          <p class=\"text-danger\">sqlPart is mandatory</p>"
"        </div>"
"      </div>"
"      "
"      "
"      <div class=\"form-group\">"
"        <div class=\"col-sm-12\">"
"          <a class=\"btn btn-danger btn-sm\" href=\"/ruleName/list\">Cancel</a>"
"          <input class=\"btn btn-primary btn-sm\" type=\"submit\" value=\"Add rule\">"
"        </div>"
"      </div>"
""
"    </form>"
"  </div>"
""
"</div>"
"</body>"
"</html>"
-
> POST /ruleName/validate
< HTTP 302
< Content-Language: en
< X-Content-Type-Options: nosniff
< X-XSS-Protection: 1; mode=block
< Cache-Control: no-cache, no-store, max-age=0, must-revalidate
< Pragma: no-cache
< Expires: 0
< X-Frame-Options: DENY
< Location: /ruleName/list
""
]